{
  "dataset": "DroidBench + UBCBench",
  "num_apps": 110,
  "results": {
    "Gemma3": {
      "precision": 0.9398,
      "recall": 0.7500,
      "f1_score": 0.8342
    },
    "LLaMA3": {
      "precision": 0.9012,
      "recall": 0.7087,
      "f1_score": 0.7935
    },
    "Qwen3": {
      "precision": 0.8642,
      "recall": 0.6931,
      "f1_score": 0.7692
    },
    "DeepSeekCoder": {
      "precision": 0.8537,
      "recall": 0.7000,
      "f1_score": 0.7692
    },
    "FlowDroid": {
      "precision": 0.7813,
      "recall": 0.7212,
      "f1_score": 0.7813
    },
    "Amandroid": {
      "precision": 0.8553,
      "recall": 0.6132,
      "f1_score": 0.7143
    }
  },
  "notes": "Directly corresponds to Table 3 in Section 5.2.1."
}
