[
    {
        "Data Types Collected": [
            "DeviceId"
        ],
        "Overall Data Flow": [
            {
                "Step": "Retrieve Device ID",
                "Source Method": "Ledu/mit/clone/MainActivity;->onCreate:(Landroid/os/Bundle;)",
                "Reasoning": "The `onCreate` method calls `getDeviceId()` to obtain the Device ID.",
                "Action": "Data Retrieval"
            }
        ],
        "All Sinks": [
            "Ledu/mit/clone/MainActivity;->Logi:(Ljava/lang/String;)V"
        ],
        "Complete Data Flow": [
            {
                "dataflow 1": "Ledu/mit/clone/MainActivity;->onCreate:(Landroid/os/Bundle;)V --> Ledu/mit/clone/MainActivity;->Logi:(Ljava/lang/String;)",
                "Reasoning": "The Device ID retrieved from `getDeviceId()` is logged using `Log.i`. The summary indicates that this logging operation is the sink. The Device ID is not overwritten."
            }
        ],
        "Label": [
            "leak"
        ]
    }
]