[
  {
    "Data Types Collected": ["DeviceId"],
    "Overall Data Flow": [
      {
        "Step": "Device ID obtained from TelephonyManager.",
        "Source Method": "Ledu/mit/clone/MainActivity;->onCreate:(Landroid/os/Bundle;)V",
        "Reasoning": "The `onCreate` method calls `getDeviceId()` to retrieve the Device ID from a `TelephonyManager`.",
        "Action": "Tainted DeviceId"
      },
      {
        "Step": "Log Device ID",
        "Source Method": "Ledu/mit/clone/MainActivity;->Log.i:(Ljava/lang/String;)V",
        "Reasoning": "The Device ID flows to Log.i, which logs it.",
        "Action": "Leak"
      }
    ],
    "All Sinks": [
      "Ledu/mit/clone/MainActivity;->Log.i:(Ljava/lang/String;)V"
    ],
    "Complete Data Flow": [
      {
        "dataflow 1": "Ledu/mit/clone/MainActivity;->onCreate:(Landroid/os/Bundle;)V --> Ledu/mit/clone/MainActivity;->Log.i:(Ljava/lang/String;)V",
        "Reasoning": "DeviceId from getDeviceId() is stored, then passed to Log.i; constitutes a privacy leak."
      }
    ],
    "Label": ["leak"]
  }
]
